| sanitizer | k' |
| sanitizer | q' |
| sink | c |
| sink | f |
| sink | i |
| sink | l' |
| sink | o |
| sink | r' |
| sink | u |
| sink | x |
| source | a |
| source | d |
| source | g |
| source | j |
| source | m |
| source | p |
| source | s |
| source | v |
