| test.js:2:15:2:26 | lib.source() | test.js:3:17:3:37 | lib.san ... ainted) | test.js:4:10:4:18 | sanitized |
