| a | b | c |
| d | e | f |
| g | h | i |
| j | k | l' |
| j | k' | l' |
| m | n | o |
| p | q | r' |
| p | q' | r' |
| s | t | u |
| v | w | x |
| v | w' | x |
